// Jest Snapshot v1, https://goo.gl/fbAQLP

exports[`searchbar snapshot test 1`] = `
<DocumentFragment>
  <input
    placeholder="Search By Title..."
    style="position: fixed; height: 2em; width: 400px; font-size: 1.5em; left: 40%;"
    type="text"
    value=""
  />
</DocumentFragment>
`;
